src/components/three/SolarSystem.tsx(231,15): error TS2322: Type '{ children: Element; geometry: BufferGeometry<NormalBufferAttributes, BufferGeometryEventMap>; }' is not assignable to type 'SVGLineElementAttributes<SVGLineElement>'.
  Property 'geometry' does not exist on type 'SVGLineElementAttributes<SVGLineElement>'.
src/pages/AboveMePage.tsx(6,10): error TS2305: Module '"astronomy-engine"' has no exported member 'Astronomy'.
src/pages/AboveMePage.tsx(148,9): error TS18047: 'positionAndVelocity' is possibly 'null'.
src/pages/AboveMePage.tsx(239,17): error TS2322: Type '{ children: string; position: [number, number, number]; fontSize: number; color: string; center: true; }' is not assignable to type 'IntrinsicAttributes & Omit<Mutable<Overwrite<Partial<Overwrite<Mesh<BufferGeometry<NormalBufferAttributes, BufferGeometryEventMap>, Material | Material[], Object3DEventMap>, MathProps<...> & ... 1 more ... & Partial<...>>>, Omit<...>>>, "ref"> & { ...; } & RefAttributes<...>'.
  Property 'center' does not exist on type 'IntrinsicAttributes & Omit<Mutable<Overwrite<Partial<Overwrite<Mesh<BufferGeometry<NormalBufferAttributes, BufferGeometryEventMap>, Material | Material[], Object3DEventMap>, MathProps<...> & ... 1 more ... & Partial<...>>>, Omit<...>>>, "ref"> & { ...; } & RefAttributes<...>'.
src/pages/AboveMePage.tsx(265,15): error TS2322: Type '{ children: string; position: [number, number, number]; fontSize: number; color: string; center: true; }' is not assignable to type 'IntrinsicAttributes & Omit<Mutable<Overwrite<Partial<Overwrite<Mesh<BufferGeometry<NormalBufferAttributes, BufferGeometryEventMap>, Material | Material[], Object3DEventMap>, MathProps<...> & ... 1 more ... & Partial<...>>>, Omit<...>>>, "ref"> & { ...; } & RefAttributes<...>'.
  Property 'center' does not exist on type 'IntrinsicAttributes & Omit<Mutable<Overwrite<Partial<Overwrite<Mesh<BufferGeometry<NormalBufferAttributes, BufferGeometryEventMap>, Material | Material[], Object3DEventMap>, MathProps<...> & ... 1 more ... & Partial<...>>>, Omit<...>>>, "ref"> & { ...; } & RefAttributes<...>'.
